// Jest Snapshot v1, https://goo.gl/fbAQLP

exports[`Appointments Component renders the Consultancies List Component 1`] = `ShallowWrapper {}`;

exports[`Formbooking Component renders the Consultancies List Component 1`] = `ShallowWrapper {}`;

exports[`Formbooking Component renders the booking form 1`] = `ShallowWrapper {}`;
